// Jest Snapshot v1, https://goo.gl/fbAQLP

exports[`Login Form 1`] = `
<div
  className="form-holder"
>
  <form
    className="form"
    method="post"
    onSubmit={[Function]}
  >
    <h3>
      Login
    </h3>
    <input
      id="email"
      name="email"
      onChange={[Function]}
      placeholder="Email"
      required={true}
      type="email"
      value=""
    />
    <input
      id="password"
      name="password"
      onChange={[Function]}
      placeholder="Password"
      required={true}
      type="password"
      value=""
    />
    <button
      id="submitBtn"
      type="submit"
    >
      <span
        className="loading"
      >
         
        <p>
          Login
        </p>
      </span>
    </button>
    <p
      className="message"
    >
       
      <span />
       Have no account? 
      <span>
        <a
          className="linker"
          href="/register"
          onClick={[Function]}
        >
           Register
        </a>
      </span>
    </p>
  </form>
</div>
`;
